2024-05-20 15:39:00.639927 test_function_success_file ok (0:00:00). Inputs: (), {}
2024-05-20 15:39:10.163438 test_function_success_file ok (0:00:00). Inputs: (), {}
2024-05-28 18:07:03.823375 test_function_success_file ok (0:00:00). Inputs: (), {}
2024-05-28 18:08:29.706815 test_function_success_file ok (0:00:00). Inputs: (), {}
2024-05-28 18:13:06.953469 test_function_success_file ok (0:00:00). Inputs: (), {}
2024-05-28 18:29:28.596649 test_function_success_file ok (0:00:00). Inputs: (), {}
2024-05-28 18:35:40.872174 test_function_success_file ok (0:00:00). Inputs: (), {}
2024-05-28 18:38:44.189892 test_function_success_file ok (0:00:00). Inputs: (), {}
2024-07-14 17:03:08.775117 test_function_success_file ok (0:00:00). Inputs: (), {}
2024-07-14 17:04:01.532206 test_function_success_file ok (0:00:00). Inputs: (), {}
2024-07-14 17:07:01.798479 test_function_success_file ok (0:00:00). Inputs: (), {}
